2026-07-11 13:08:12.036  WARN 2648 --- [HikariPool-1 housekeeper] com.zaxxer.hikari.pool.HikariPool        : HikariPool-1 - Thread starvation or clock leap detected (housekeeper delta=20d14h30m32s947ms318µs300ns).
2026-07-11 13:09:19.139  WARN 2648 --- [HikariPool-1 housekeeper] com.zaxxer.hikari.pool.HikariPool        : HikariPool-1 - Thread starvation or clock leap detected (housekeeper delta=1m7s103ms19µs800ns).
2026-07-11 13:12:48.513  WARN 2648 --- [HikariPool-1 housekeeper] com.zaxxer.hikari.pool.HikariPool        : HikariPool-1 - Thread starvation or clock leap detected (housekeeper delta=3m9s49ms441µs800ns).
2026-07-11 13:39:53.711  INFO 18992 --- [main] com.ihwthms.base.BaseApplication         : Starting BaseApplication on DESKTOP-A170MA8 with PID 18992 (C:\Users\dell\IdeaProjects\ihwtrepo\target\classes started by dell in C:\Users\dell\IdeaProjects\ihwtrepo)
2026-07-11 13:39:53.716 DEBUG 18992 --- [main] com.ihwthms.base.BaseApplication         : Running with Spring Boot v2.2.1.RELEASE, Spring v5.2.1.RELEASE
2026-07-11 13:39:53.720  INFO 18992 --- [main] com.ihwthms.base.BaseApplication         : No active profile set, falling back to default profiles: default
2026-07-11 13:40:13.750  WARN 18992 --- [background-preinit] o.s.h.c.j.Jackson2ObjectMapperBuilder    : For Jackson Kotlin classes support please add "com.fasterxml.jackson.module:jackson-module-kotlin" to the classpath
2026-07-11 13:41:07.968  INFO 18992 --- [main] .s.d.r.c.RepositoryConfigurationDelegate : Bootstrapping Spring Data repositories in DEFAULT mode.
2026-07-11 13:41:15.674  INFO 18992 --- [main] .s.d.r.c.RepositoryConfigurationDelegate : Finished Spring Data repository scanning in 6434ms. Found 10 repository interfaces.
2026-07-11 13:42:08.137  INFO 18992 --- [main] trationDelegate$BeanPostProcessorChecker : Bean 'org.springframework.transaction.annotation.ProxyTransactionManagementConfiguration' of type [org.springframework.transaction.annotation.ProxyTransactionManagementConfiguration] is not eligible for getting processed by all BeanPostProcessors (for example: not eligible for auto-proxying)
2026-07-11 13:42:27.354  INFO 18992 --- [main] o.s.b.w.embedded.tomcat.TomcatWebServer  : Tomcat initialized with port(s): 8083 (http)
2026-07-11 13:42:27.396  INFO 18992 --- [main] o.apache.catalina.core.StandardService   : Starting service [Tomcat]
2026-07-11 13:42:27.398  INFO 18992 --- [main] org.apache.catalina.core.StandardEngine  : Starting Servlet engine: [Apache Tomcat/9.0.27]
2026-07-11 13:42:40.098  INFO 18992 --- [main] org.apache.jasper.servlet.TldScanner     : At least one JAR was scanned for TLDs yet contained no TLDs. Enable debug logging for this logger for a complete list of JARs that were scanned but no TLDs were found in them. Skipping unneeded JARs during scanning can improve startup time and JSP compilation time.
2026-07-11 13:42:41.630  INFO 18992 --- [main] o.a.c.c.C.[Tomcat].[localhost].[/ihwt]   : Initializing Spring embedded WebApplicationContext
2026-07-11 13:42:41.632  INFO 18992 --- [main] o.s.web.context.ContextLoader            : Root WebApplicationContext: initialization completed in 157439 ms
2026-07-11 13:43:03.141  INFO 18992 --- [main] o.hibernate.jpa.internal.util.LogHelper  : HHH000204: Processing PersistenceUnitInfo [name: default]
2026-07-11 13:43:41.811  INFO 18992 --- [main] org.hibernate.Version                    : HHH000412: Hibernate ORM core version 5.4.12.Final
2026-07-11 13:44:21.533  INFO 18992 --- [main] o.hibernate.annotations.common.Version   : HCANN000001: Hibernate Commons Annotations {5.1.0.Final}
2026-07-11 13:44:39.088  INFO 18992 --- [main] com.zaxxer.hikari.HikariDataSource       : HikariPool-1 - Starting...
2026-07-11 13:45:03.580  INFO 18992 --- [main] com.zaxxer.hikari.HikariDataSource       : HikariPool-1 - Start completed.
2026-07-11 13:45:06.947  INFO 18992 --- [main] org.hibernate.dialect.Dialect            : HHH000400: Using dialect: org.hibernate.dialect.MySQL8Dialect
2026-07-11 13:46:16.341  INFO 18992 --- [main] o.h.e.t.j.p.i.JtaPlatformInitiator       : HHH000490: Using JtaPlatform implementation: [org.hibernate.engine.transaction.jta.platform.internal.NoJtaPlatform]
2026-07-11 13:46:16.400  INFO 18992 --- [main] j.LocalContainerEntityManagerFactoryBean : Initialized JPA EntityManagerFactory for persistence unit 'default'
2026-07-11 13:46:50.340  WARN 18992 --- [main] JpaBaseConfiguration$JpaWebConfiguration : spring.jpa.open-in-view is enabled by default. Therefore, database queries may be performed during view rendering. Explicitly configure spring.jpa.open-in-view to disable this warning
2026-07-11 13:47:10.377  INFO 18992 --- [main] o.s.s.web.DefaultSecurityFilterChain     : Creating filter chain: any request, [org.springframework.security.web.context.request.async.WebAsyncManagerIntegrationFilter@2d97344c, org.springframework.security.web.context.SecurityContextPersistenceFilter@65f36591, org.springframework.security.web.header.HeaderWriterFilter@eaa07bb, org.springframework.security.web.authentication.logout.LogoutFilter@3e755d5f, org.springframework.security.web.authentication.UsernamePasswordAuthenticationFilter@6dbdbb69, org.springframework.security.web.savedrequest.RequestCacheAwareFilter@72b6fa98, org.springframework.security.web.servletapi.SecurityContextHolderAwareRequestFilter@52b32622, org.springframework.security.web.authentication.AnonymousAuthenticationFilter@7f839ec5, org.springframework.security.web.session.SessionManagementFilter@42095996, org.springframework.security.web.access.ExceptionTranslationFilter@750b200b, org.springframework.security.web.access.intercept.FilterSecurityInterceptor@24ce5d4c]
2026-07-11 13:47:14.469  INFO 18992 --- [main] o.s.s.concurrent.ThreadPoolTaskExecutor  : Initializing ExecutorService 'applicationTaskExecutor'
2026-07-11 13:47:58.034  INFO 18992 --- [main] o.s.s.c.ThreadPoolTaskScheduler          : Initializing ExecutorService 'taskScheduler'
2026-07-11 13:47:58.993  INFO 18992 --- [main] o.s.b.w.embedded.tomcat.TomcatWebServer  : Tomcat started on port(s): 8083 (http) with context path '/ihwt'
2026-07-11 13:47:59.023  INFO 18992 --- [main] com.ihwthms.base.BaseApplication         : Started BaseApplication in 569.059 seconds (JVM running for 570.002)
2026-07-11 13:48:51.509  INFO 18992 --- [http-nio-8083-exec-1] o.a.c.c.C.[Tomcat].[localhost].[/ihwt]   : Initializing Spring DispatcherServlet 'dispatcherServlet'
2026-07-11 13:48:51.510  INFO 18992 --- [http-nio-8083-exec-1] o.s.web.servlet.DispatcherServlet        : Initializing Servlet 'dispatcherServlet'
2026-07-11 13:48:51.532  INFO 18992 --- [http-nio-8083-exec-1] o.s.web.servlet.DispatcherServlet        : Completed initialization in 21 ms
2026-07-11 13:50:25.988  WARN 18992 --- [http-nio-8083-exec-2] o.a.c.util.SessionIdGeneratorBase        : Creation of SecureRandom instance for session ID generation using [SHA1PRNG] took [340] milliseconds.
2026-07-11 13:50:25.988  WARN 18992 --- [http-nio-8083-exec-1] o.a.c.util.SessionIdGeneratorBase        : Creation of SecureRandom instance for session ID generation using [SHA1PRNG] took [338] milliseconds.
2026-07-11 17:26:59.500  INFO 18992 --- [SpringContextShutdownHook] o.s.s.c.ThreadPoolTaskScheduler          : Shutting down ExecutorService 'taskScheduler'
2026-07-11 17:26:59.536  INFO 18992 --- [SpringContextShutdownHook] o.s.s.concurrent.ThreadPoolTaskExecutor  : Shutting down ExecutorService 'applicationTaskExecutor'
2026-07-11 17:26:59.583  INFO 18992 --- [SpringContextShutdownHook] j.LocalContainerEntityManagerFactoryBean : Closing JPA EntityManagerFactory for persistence unit 'default'
2026-07-11 17:27:00.288  INFO 18992 --- [SpringContextShutdownHook] com.zaxxer.hikari.HikariDataSource       : HikariPool-1 - Shutdown initiated...
2026-07-11 17:27:00.349  INFO 18992 --- [SpringContextShutdownHook] com.zaxxer.hikari.HikariDataSource       : HikariPool-1 - Shutdown completed.
2026-07-11 17:32:42.896  INFO 1064 --- [main] com.ihwthms.base.BaseApplication         : Starting BaseApplication on DESKTOP-A170MA8 with PID 1064 (C:\Users\dell\IdeaProjects\ihwtrepo\target\classes started by dell in C:\Users\dell\IdeaProjects\ihwtrepo)
2026-07-11 17:32:42.898 DEBUG 1064 --- [main] com.ihwthms.base.BaseApplication         : Running with Spring Boot v2.2.1.RELEASE, Spring v5.2.1.RELEASE
2026-07-11 17:32:42.898  INFO 1064 --- [main] com.ihwthms.base.BaseApplication         : No active profile set, falling back to default profiles: default
2026-07-11 17:32:53.338  INFO 1064 --- [main] .s.d.r.c.RepositoryConfigurationDelegate : Bootstrapping Spring Data repositories in DEFAULT mode.
2026-07-11 17:32:53.575  INFO 1064 --- [main] .s.d.r.c.RepositoryConfigurationDelegate : Finished Spring Data repository scanning in 220ms. Found 10 repository interfaces.
2026-07-11 17:32:54.904  INFO 1064 --- [main] trationDelegate$BeanPostProcessorChecker : Bean 'org.springframework.transaction.annotation.ProxyTransactionManagementConfiguration' of type [org.springframework.transaction.annotation.ProxyTransactionManagementConfiguration] is not eligible for getting processed by all BeanPostProcessors (for example: not eligible for auto-proxying)
2026-07-11 17:32:55.799  INFO 1064 --- [main] o.s.b.w.embedded.tomcat.TomcatWebServer  : Tomcat initialized with port(s): 8083 (http)
2026-07-11 17:32:55.822  INFO 1064 --- [main] o.apache.catalina.core.StandardService   : Starting service [Tomcat]
2026-07-11 17:32:55.823  INFO 1064 --- [main] org.apache.catalina.core.StandardEngine  : Starting Servlet engine: [Apache Tomcat/9.0.27]
2026-07-11 17:32:57.012  INFO 1064 --- [main] org.apache.jasper.servlet.TldScanner     : At least one JAR was scanned for TLDs yet contained no TLDs. Enable debug logging for this logger for a complete list of JARs that were scanned but no TLDs were found in them. Skipping unneeded JARs during scanning can improve startup time and JSP compilation time.
2026-07-11 17:32:57.034  INFO 1064 --- [main] o.a.c.c.C.[Tomcat].[localhost].[/ihwt]   : Initializing Spring embedded WebApplicationContext
2026-07-11 17:32:57.034  INFO 1064 --- [main] o.s.web.context.ContextLoader            : Root WebApplicationContext: initialization completed in 13991 ms
2026-07-11 17:32:59.138  INFO 1064 --- [main] o.hibernate.jpa.internal.util.LogHelper  : HHH000204: Processing PersistenceUnitInfo [name: default]
2026-07-11 17:33:20.469  INFO 1064 --- [main] org.hibernate.Version                    : HHH000412: Hibernate ORM core version 5.4.12.Final
2026-07-11 17:33:23.938  INFO 1064 --- [main] o.hibernate.annotations.common.Version   : HCANN000001: Hibernate Commons Annotations {5.1.0.Final}
2026-07-11 17:33:24.114  INFO 1064 --- [main] com.zaxxer.hikari.HikariDataSource       : HikariPool-1 - Starting...
2026-07-11 17:33:24.473  INFO 1064 --- [main] com.zaxxer.hikari.HikariDataSource       : HikariPool-1 - Start completed.
2026-07-11 17:33:25.613  INFO 1064 --- [main] org.hibernate.dialect.Dialect            : HHH000400: Using dialect: org.hibernate.dialect.MySQL8Dialect
2026-07-11 17:33:42.398  INFO 1064 --- [main] o.h.e.t.j.p.i.JtaPlatformInitiator       : HHH000490: Using JtaPlatform implementation: [org.hibernate.engine.transaction.jta.platform.internal.NoJtaPlatform]
2026-07-11 17:33:42.421  INFO 1064 --- [main] j.LocalContainerEntityManagerFactoryBean : Initialized JPA EntityManagerFactory for persistence unit 'default'
2026-07-11 17:33:45.250  WARN 1064 --- [main] JpaBaseConfiguration$JpaWebConfiguration : spring.jpa.open-in-view is enabled by default. Therefore, database queries may be performed during view rendering. Explicitly configure spring.jpa.open-in-view to disable this warning
2026-07-11 17:33:46.273  INFO 1064 --- [main] o.s.s.web.DefaultSecurityFilterChain     : Creating filter chain: any request, [org.springframework.security.web.context.request.async.WebAsyncManagerIntegrationFilter@1221d607, org.springframework.security.web.context.SecurityContextPersistenceFilter@16e84d93, org.springframework.security.web.header.HeaderWriterFilter@63ccb1b2, org.springframework.security.web.authentication.logout.LogoutFilter@664083f6, org.springframework.security.web.authentication.UsernamePasswordAuthenticationFilter@51eafec0, org.springframework.security.web.savedrequest.RequestCacheAwareFilter@5a5b394, org.springframework.security.web.servletapi.SecurityContextHolderAwareRequestFilter@31e9d94f, org.springframework.security.web.authentication.AnonymousAuthenticationFilter@4b45c8e4, org.springframework.security.web.session.SessionManagementFilter@1b868ef0, org.springframework.security.web.access.ExceptionTranslationFilter@740fccd2, org.springframework.security.web.access.intercept.FilterSecurityInterceptor@58c16efd]
2026-07-11 17:33:46.588  INFO 1064 --- [main] o.s.s.concurrent.ThreadPoolTaskExecutor  : Initializing ExecutorService 'applicationTaskExecutor'
2026-07-11 17:33:47.291  INFO 1064 --- [main] o.s.s.c.ThreadPoolTaskScheduler          : Initializing ExecutorService 'taskScheduler'
2026-07-11 17:33:47.428  INFO 1064 --- [main] o.s.b.w.embedded.tomcat.TomcatWebServer  : Tomcat started on port(s): 8083 (http) with context path '/ihwt'
2026-07-11 17:33:47.431  INFO 1064 --- [main] com.ihwthms.base.BaseApplication         : Started BaseApplication in 72.598 seconds (JVM running for 90.207)
2026-07-11 17:33:53.968  INFO 1064 --- [http-nio-8083-exec-1] o.a.c.c.C.[Tomcat].[localhost].[/ihwt]   : Initializing Spring DispatcherServlet 'dispatcherServlet'
2026-07-11 17:33:53.969  INFO 1064 --- [http-nio-8083-exec-1] o.s.web.servlet.DispatcherServlet        : Initializing Servlet 'dispatcherServlet'
2026-07-11 17:33:54.743  INFO 1064 --- [http-nio-8083-exec-1] o.s.web.servlet.DispatcherServlet        : Completed initialization in 774 ms
2026-07-11 17:47:35.482  INFO 1064 --- [SpringContextShutdownHook] o.s.s.c.ThreadPoolTaskScheduler          : Shutting down ExecutorService 'taskScheduler'
2026-07-11 17:47:35.485  INFO 1064 --- [SpringContextShutdownHook] o.s.s.concurrent.ThreadPoolTaskExecutor  : Shutting down ExecutorService 'applicationTaskExecutor'
2026-07-11 17:47:35.503  INFO 1064 --- [SpringContextShutdownHook] j.LocalContainerEntityManagerFactoryBean : Closing JPA EntityManagerFactory for persistence unit 'default'
2026-07-11 17:47:35.521  INFO 1064 --- [SpringContextShutdownHook] com.zaxxer.hikari.HikariDataSource       : HikariPool-1 - Shutdown initiated...
2026-07-11 17:47:35.553  INFO 1064 --- [SpringContextShutdownHook] com.zaxxer.hikari.HikariDataSource       : HikariPool-1 - Shutdown completed.
2026-07-11 17:47:45.216  INFO 17080 --- [main] com.ihwthms.base.BaseApplication         : Starting BaseApplication on DESKTOP-A170MA8 with PID 17080 (C:\Users\dell\IdeaProjects\ihwtrepo\target\classes started by dell in C:\Users\dell\IdeaProjects\ihwtrepo)
2026-07-11 17:47:45.218 DEBUG 17080 --- [main] com.ihwthms.base.BaseApplication         : Running with Spring Boot v2.2.1.RELEASE, Spring v5.2.1.RELEASE
2026-07-11 17:47:45.219  INFO 17080 --- [main] com.ihwthms.base.BaseApplication         : No active profile set, falling back to default profiles: default
2026-07-11 17:47:46.157  WARN 17080 --- [background-preinit] o.s.h.c.j.Jackson2ObjectMapperBuilder    : For Jackson Kotlin classes support please add "com.fasterxml.jackson.module:jackson-module-kotlin" to the classpath
2026-07-11 17:47:47.412  INFO 17080 --- [main] .s.d.r.c.RepositoryConfigurationDelegate : Bootstrapping Spring Data repositories in DEFAULT mode.
2026-07-11 17:47:47.614  INFO 17080 --- [main] .s.d.r.c.RepositoryConfigurationDelegate : Finished Spring Data repository scanning in 183ms. Found 10 repository interfaces.
2026-07-11 17:47:48.661  INFO 17080 --- [main] trationDelegate$BeanPostProcessorChecker : Bean 'org.springframework.transaction.annotation.ProxyTransactionManagementConfiguration' of type [org.springframework.transaction.annotation.ProxyTransactionManagementConfiguration] is not eligible for getting processed by all BeanPostProcessors (for example: not eligible for auto-proxying)
2026-07-11 17:47:49.295  INFO 17080 --- [main] o.s.b.w.embedded.tomcat.TomcatWebServer  : Tomcat initialized with port(s): 8083 (http)
2026-07-11 17:47:49.316  INFO 17080 --- [main] o.apache.catalina.core.StandardService   : Starting service [Tomcat]
2026-07-11 17:47:49.317  INFO 17080 --- [main] org.apache.catalina.core.StandardEngine  : Starting Servlet engine: [Apache Tomcat/9.0.27]
2026-07-11 17:47:50.095  INFO 17080 --- [main] org.apache.jasper.servlet.TldScanner     : At least one JAR was scanned for TLDs yet contained no TLDs. Enable debug logging for this logger for a complete list of JARs that were scanned but no TLDs were found in them. Skipping unneeded JARs during scanning can improve startup time and JSP compilation time.
2026-07-11 17:47:50.113  INFO 17080 --- [main] o.a.c.c.C.[Tomcat].[localhost].[/ihwt]   : Initializing Spring embedded WebApplicationContext
2026-07-11 17:47:50.115  INFO 17080 --- [main] o.s.web.context.ContextLoader            : Root WebApplicationContext: initialization completed in 3955 ms
2026-07-11 17:47:51.146  INFO 17080 --- [main] o.hibernate.jpa.internal.util.LogHelper  : HHH000204: Processing PersistenceUnitInfo [name: default]
2026-07-11 17:47:51.300  INFO 17080 --- [main] org.hibernate.Version                    : HHH000412: Hibernate ORM core version 5.4.12.Final
2026-07-11 17:47:51.673  INFO 17080 --- [main] o.hibernate.annotations.common.Version   : HCANN000001: Hibernate Commons Annotations {5.1.0.Final}
2026-07-11 17:47:52.079  INFO 17080 --- [main] com.zaxxer.hikari.HikariDataSource       : HikariPool-1 - Starting...
2026-07-11 17:47:52.416  INFO 17080 --- [main] com.zaxxer.hikari.HikariDataSource       : HikariPool-1 - Start completed.
2026-07-11 17:47:52.441  INFO 17080 --- [main] org.hibernate.dialect.Dialect            : HHH000400: Using dialect: org.hibernate.dialect.MySQL8Dialect
2026-07-11 17:47:54.383  INFO 17080 --- [main] o.h.e.t.j.p.i.JtaPlatformInitiator       : HHH000490: Using JtaPlatform implementation: [org.hibernate.engine.transaction.jta.platform.internal.NoJtaPlatform]
2026-07-11 17:47:54.391  INFO 17080 --- [main] j.LocalContainerEntityManagerFactoryBean : Initialized JPA EntityManagerFactory for persistence unit 'default'
2026-07-11 17:47:55.059  WARN 17080 --- [main] JpaBaseConfiguration$JpaWebConfiguration : spring.jpa.open-in-view is enabled by default. Therefore, database queries may be performed during view rendering. Explicitly configure spring.jpa.open-in-view to disable this warning
2026-07-11 17:47:55.756  INFO 17080 --- [main] o.s.s.web.DefaultSecurityFilterChain     : Creating filter chain: any request, [org.springframework.security.web.context.request.async.WebAsyncManagerIntegrationFilter@24ce5d4c, org.springframework.security.web.context.SecurityContextPersistenceFilter@48928b57, org.springframework.security.web.header.HeaderWriterFilter@24d097c8, org.springframework.security.web.authentication.logout.LogoutFilter@7fb1820d, org.springframework.security.web.authentication.UsernamePasswordAuthenticationFilter@5542418c, org.springframework.security.web.savedrequest.RequestCacheAwareFilter@1c09bb7a, org.springframework.security.web.servletapi.SecurityContextHolderAwareRequestFilter@7a7bd9a8, org.springframework.security.web.authentication.AnonymousAuthenticationFilter@24fc9aa5, org.springframework.security.web.session.SessionManagementFilter@5bfdc92b, org.springframework.security.web.access.ExceptionTranslationFilter@6c930e7e, org.springframework.security.web.access.intercept.FilterSecurityInterceptor@3da55998]
2026-07-11 17:47:55.967  INFO 17080 --- [main] o.s.s.concurrent.ThreadPoolTaskExecutor  : Initializing ExecutorService 'applicationTaskExecutor'
2026-07-11 17:47:56.509  INFO 17080 --- [main] o.s.s.c.ThreadPoolTaskScheduler          : Initializing ExecutorService 'taskScheduler'
2026-07-11 17:47:56.861  INFO 17080 --- [main] o.s.b.w.embedded.tomcat.TomcatWebServer  : Tomcat started on port(s): 8083 (http) with context path '/ihwt'
2026-07-11 17:47:56.865  INFO 17080 --- [main] com.ihwthms.base.BaseApplication         : Started BaseApplication in 12.485 seconds (JVM running for 13.536)
2026-07-11 17:48:17.505  INFO 17080 --- [http-nio-8083-exec-1] o.a.c.c.C.[Tomcat].[localhost].[/ihwt]   : Initializing Spring DispatcherServlet 'dispatcherServlet'
2026-07-11 17:48:17.505  INFO 17080 --- [http-nio-8083-exec-1] o.s.web.servlet.DispatcherServlet        : Initializing Servlet 'dispatcherServlet'
2026-07-11 17:48:17.516  INFO 17080 --- [http-nio-8083-exec-1] o.s.web.servlet.DispatcherServlet        : Completed initialization in 10 ms
2026-07-11 18:01:33.751  INFO 17080 --- [SpringContextShutdownHook] o.s.s.c.ThreadPoolTaskScheduler          : Shutting down ExecutorService 'taskScheduler'
2026-07-11 18:01:33.754  INFO 17080 --- [SpringContextShutdownHook] o.s.s.concurrent.ThreadPoolTaskExecutor  : Shutting down ExecutorService 'applicationTaskExecutor'
2026-07-11 18:01:33.766  INFO 17080 --- [SpringContextShutdownHook] j.LocalContainerEntityManagerFactoryBean : Closing JPA EntityManagerFactory for persistence unit 'default'
2026-07-11 18:01:33.771  INFO 17080 --- [SpringContextShutdownHook] com.zaxxer.hikari.HikariDataSource       : HikariPool-1 - Shutdown initiated...
2026-07-11 18:01:33.827  INFO 17080 --- [SpringContextShutdownHook] com.zaxxer.hikari.HikariDataSource       : HikariPool-1 - Shutdown completed.
2026-07-11 18:01:45.340  INFO 22376 --- [main] com.ihwthms.base.BaseApplication         : Starting BaseApplication on DESKTOP-A170MA8 with PID 22376 (C:\Users\dell\IdeaProjects\ihwtrepo\target\classes started by dell in C:\Users\dell\IdeaProjects\ihwtrepo)
2026-07-11 18:01:45.343 DEBUG 22376 --- [main] com.ihwthms.base.BaseApplication         : Running with Spring Boot v2.2.1.RELEASE, Spring v5.2.1.RELEASE
2026-07-11 18:01:45.348  INFO 22376 --- [main] com.ihwthms.base.BaseApplication         : No active profile set, falling back to default profiles: default
2026-07-11 18:01:45.607  WARN 22376 --- [background-preinit] o.s.h.c.j.Jackson2ObjectMapperBuilder    : For Jackson Kotlin classes support please add "com.fasterxml.jackson.module:jackson-module-kotlin" to the classpath
2026-07-11 18:01:47.686  INFO 22376 --- [main] .s.d.r.c.RepositoryConfigurationDelegate : Bootstrapping Spring Data repositories in DEFAULT mode.
2026-07-11 18:01:48.049  INFO 22376 --- [main] .s.d.r.c.RepositoryConfigurationDelegate : Finished Spring Data repository scanning in 260ms. Found 10 repository interfaces.
2026-07-11 18:01:49.309  INFO 22376 --- [main] trationDelegate$BeanPostProcessorChecker : Bean 'org.springframework.transaction.annotation.ProxyTransactionManagementConfiguration' of type [org.springframework.transaction.annotation.ProxyTransactionManagementConfiguration] is not eligible for getting processed by all BeanPostProcessors (for example: not eligible for auto-proxying)
2026-07-11 18:01:50.020  INFO 22376 --- [main] o.s.b.w.embedded.tomcat.TomcatWebServer  : Tomcat initialized with port(s): 8083 (http)
2026-07-11 18:01:50.039  INFO 22376 --- [main] o.apache.catalina.core.StandardService   : Starting service [Tomcat]
2026-07-11 18:01:50.041  INFO 22376 --- [main] org.apache.catalina.core.StandardEngine  : Starting Servlet engine: [Apache Tomcat/9.0.27]
2026-07-11 18:01:50.886  INFO 22376 --- [main] org.apache.jasper.servlet.TldScanner     : At least one JAR was scanned for TLDs yet contained no TLDs. Enable debug logging for this logger for a complete list of JARs that were scanned but no TLDs were found in them. Skipping unneeded JARs during scanning can improve startup time and JSP compilation time.
2026-07-11 18:01:50.917  INFO 22376 --- [main] o.a.c.c.C.[Tomcat].[localhost].[/ihwt]   : Initializing Spring embedded WebApplicationContext
2026-07-11 18:01:50.918  INFO 22376 --- [main] o.s.web.context.ContextLoader            : Root WebApplicationContext: initialization completed in 5312 ms
2026-07-11 18:01:51.228  INFO 22376 --- [main] o.hibernate.jpa.internal.util.LogHelper  : HHH000204: Processing PersistenceUnitInfo [name: default]
2026-07-11 18:01:51.327  INFO 22376 --- [main] org.hibernate.Version                    : HHH000412: Hibernate ORM core version 5.4.12.Final
2026-07-11 18:01:51.599  INFO 22376 --- [main] o.hibernate.annotations.common.Version   : HCANN000001: Hibernate Commons Annotations {5.1.0.Final}
2026-07-11 18:01:51.753  INFO 22376 --- [main] com.zaxxer.hikari.HikariDataSource       : HikariPool-1 - Starting...
2026-07-11 18:01:52.248  INFO 22376 --- [main] com.zaxxer.hikari.HikariDataSource       : HikariPool-1 - Start completed.
2026-07-11 18:01:52.338  INFO 22376 --- [main] org.hibernate.dialect.Dialect            : HHH000400: Using dialect: org.hibernate.dialect.MySQL8Dialect
2026-07-11 18:01:54.040  INFO 22376 --- [main] o.h.e.t.j.p.i.JtaPlatformInitiator       : HHH000490: Using JtaPlatform implementation: [org.hibernate.engine.transaction.jta.platform.internal.NoJtaPlatform]
2026-07-11 18:01:54.054  INFO 22376 --- [main] j.LocalContainerEntityManagerFactoryBean : Initialized JPA EntityManagerFactory for persistence unit 'default'
2026-07-11 18:01:54.877  WARN 22376 --- [main] JpaBaseConfiguration$JpaWebConfiguration : spring.jpa.open-in-view is enabled by default. Therefore, database queries may be performed during view rendering. Explicitly configure spring.jpa.open-in-view to disable this warning
2026-07-11 18:01:55.634  INFO 22376 --- [main] o.s.s.web.DefaultSecurityFilterChain     : Creating filter chain: any request, [org.springframework.security.web.context.request.async.WebAsyncManagerIntegrationFilter@466cca41, org.springframework.security.web.context.SecurityContextPersistenceFilter@2e03bb74, org.springframework.security.web.header.HeaderWriterFilter@426bf2f2, org.springframework.security.web.authentication.logout.LogoutFilter@3f22ce2a, org.springframework.security.web.authentication.UsernamePasswordAuthenticationFilter@1f847d9e, org.springframework.security.web.savedrequest.RequestCacheAwareFilter@1c571162, org.springframework.security.web.servletapi.SecurityContextHolderAwareRequestFilter@23eb6d13, org.springframework.security.web.authentication.AnonymousAuthenticationFilter@7c3ae369, org.springframework.security.web.session.SessionManagementFilter@1f3dafd4, org.springframework.security.web.access.ExceptionTranslationFilter@9a74a93, org.springframework.security.web.access.intercept.FilterSecurityInterceptor@4a977146]
2026-07-11 18:01:56.129  INFO 22376 --- [main] o.s.s.concurrent.ThreadPoolTaskExecutor  : Initializing ExecutorService 'applicationTaskExecutor'
2026-07-11 18:01:57.285  INFO 22376 --- [main] o.s.s.c.ThreadPoolTaskScheduler          : Initializing ExecutorService 'taskScheduler'
2026-07-11 18:01:57.636  INFO 22376 --- [main] o.s.b.w.embedded.tomcat.TomcatWebServer  : Tomcat started on port(s): 8083 (http) with context path '/ihwt'
2026-07-11 18:01:57.651  INFO 22376 --- [main] com.ihwthms.base.BaseApplication         : Started BaseApplication in 13.268 seconds (JVM running for 14.383)
2026-07-11 18:05:58.513  INFO 22376 --- [http-nio-8083-exec-1] o.a.c.c.C.[Tomcat].[localhost].[/ihwt]   : Initializing Spring DispatcherServlet 'dispatcherServlet'
2026-07-11 18:05:58.514  INFO 22376 --- [http-nio-8083-exec-1] o.s.web.servlet.DispatcherServlet        : Initializing Servlet 'dispatcherServlet'
2026-07-11 18:05:58.522  INFO 22376 --- [http-nio-8083-exec-1] o.s.web.servlet.DispatcherServlet        : Completed initialization in 8 ms
